[INFO] Scanning for projects...
[INFO] 
[INFO] -------------------------< com.manuel:native >--------------------------
[INFO] Building native 0.0.1-SNAPSHOT
[INFO]   from pom.xml
[INFO] --------------------------------[ jar ]---------------------------------
[INFO] 
[INFO] --- clean:3.5.0:clean (default-clean) @ native ---
[INFO] Deleting C:\Users\vic-s\OneDrive\Desktop\native-etheria\backend\native\target
[INFO] 
[INFO] --- resources:3.5.0:resources (default-resources) @ native ---
[INFO] Copying 1 resource from src\main\resources to target\classes
[INFO] Copying 0 resource from src\main\resources to target\classes
[INFO] 
[INFO] --- compiler:3.15.0:compile (default-compile) @ native ---
[INFO] Recompiling the module because of changed source code.
[INFO] Compiling 39 source files with javac [debug parameters release 21] to target\classes
[WARNING] /C:/Users/vic-s/OneDrive/Desktop/native-etheria/backend/native/src/main/java/com/example/demo/mappers/SentenceMapper.java:[12,17] Unmapped target property: "isMastered".
[INFO] /C:/Users/vic-s/OneDrive/Desktop/native-etheria/backend/native/src/main/java/com/example/demo/security/JwtAuthFilter.java: C:\Users\vic-s\OneDrive\Desktop\native-etheria\backend\native\src\main\java\com\example\demo\security\JwtAuthFilter.java uses or overrides a deprecated API.
[INFO] /C:/Users/vic-s/OneDrive/Desktop/native-etheria/backend/native/src/main/java/com/example/demo/security/JwtAuthFilter.java: Recompile with -Xlint:deprecation for details.
[INFO] ------------------------------------------------------------------------
[INFO] BUILD SUCCESS
[INFO] ------------------------------------------------------------------------
[INFO] Total time:  16.339 s
[INFO] Finished at: 2026-08-14T19:04:08-06:00
[INFO] ------------------------------------------------------------------------
